20:26:41 **** Incremental Build of configuration Debug for project FreeRTOS_ProjectW ****
make -j4 all 
arm-none-eabi-gcc "../Third-Party/FreeRTOS/portable/MemMang/heap_4.c" -mcpu=cortex-m4 -std=gnu11 -g3 -DDEBUG -DUSE_HAL_DRIVER -DSTM32F446xx -c -I../Core/Inc -I"D:/L_Workspace/RTOS_workspace/FreeRTOS_ProjectW/Third-Party/FreeRTOS" -I"D:/L_Workspace/RTOS_workspace/FreeRTOS_ProjectW/Third-Party/FreeRTOS/include" -I"D:/L_Workspace/RTOS_workspace/FreeRTOS_ProjectW/Third-Party/FreeRTOS/portable/GCC/ARM_CM4F" -I../Drivers/STM32F4xx_HAL_Driver/Inc -I../Drivers/STM32F4xx_HAL_Driver/Inc/Legacy -I../Drivers/CMSIS/Device/ST/STM32F4xx/Include -I../Drivers/CMSIS/Include -O0 -ffunction-sections -fdata-sections -Wall -fstack-usage -MMD -MP -MF"Third-Party/FreeRTOS/portable/MemMang/heap_4.d" -MT"Third-Party/FreeRTOS/portable/MemMang/heap_4.o" --specs=nano.specs -mfpu=fpv4-sp-d16 -mfloat-abi=hard -mthumb -o "Third-Party/FreeRTOS/portable/MemMang/heap_4.o"
arm-none-eabi-gcc "../Third-Party/FreeRTOS/portable/GCC/ARM_CM4F/port.c" -mcpu=cortex-m4 -std=gnu11 -g3 -DDEBUG -DUSE_HAL_DRIVER -DSTM32F446xx -c -I../Core/Inc -I"D:/L_Workspace/RTOS_workspace/FreeRTOS_ProjectW/Third-Party/FreeRTOS" -I"D:/L_Workspace/RTOS_workspace/FreeRTOS_ProjectW/Third-Party/FreeRTOS/include" -I"D:/L_Workspace/RTOS_workspace/FreeRTOS_ProjectW/Third-Party/FreeRTOS/portable/GCC/ARM_CM4F" -I../Drivers/STM32F4xx_HAL_Driver/Inc -I../Drivers/STM32F4xx_HAL_Driver/Inc/Legacy -I../Drivers/CMSIS/Device/ST/STM32F4xx/Include -I../Drivers/CMSIS/Include -O0 -ffunction-sections -fdata-sections -Wall -fstack-usage -MMD -MP -MF"Third-Party/FreeRTOS/portable/GCC/ARM_CM4F/port.d" -MT"Third-Party/FreeRTOS/portable/GCC/ARM_CM4F/port.o" --specs=nano.specs -mfpu=fpv4-sp-d16 -mfloat-abi=hard -mthumb -o "Third-Party/FreeRTOS/portable/GCC/ARM_CM4F/port.o"
arm-none-eabi-gcc "../Third-Party/FreeRTOS/croutine.c" -mcpu=cortex-m4 -std=gnu11 -g3 -DDEBUG -DUSE_HAL_DRIVER -DSTM32F446xx -c -I../Core/Inc -I"D:/L_Workspace/RTOS_workspace/FreeRTOS_ProjectW/Third-Party/FreeRTOS" -I"D:/L_Workspace/RTOS_workspace/FreeRTOS_ProjectW/Third-Party/FreeRTOS/include" -I"D:/L_Workspace/RTOS_workspace/FreeRTOS_ProjectW/Third-Party/FreeRTOS/portable/GCC/ARM_CM4F" -I../Drivers/STM32F4xx_HAL_Driver/Inc -I../Drivers/STM32F4xx_HAL_Driver/Inc/Legacy -I../Drivers/CMSIS/Device/ST/STM32F4xx/Include -I../Drivers/CMSIS/Include -O0 -ffunction-sections -fdata-sections -Wall -fstack-usage -MMD -MP -MF"Third-Party/FreeRTOS/croutine.d" -MT"Third-Party/FreeRTOS/croutine.o" --specs=nano.specs -mfpu=fpv4-sp-d16 -mfloat-abi=hard -mthumb -o "Third-Party/FreeRTOS/croutine.o"
arm-none-eabi-gcc "../Third-Party/FreeRTOS/event_groups.c" -mcpu=cortex-m4 -std=gnu11 -g3 -DDEBUG -DUSE_HAL_DRIVER -DSTM32F446xx -c -I../Core/Inc -I"D:/L_Workspace/RTOS_workspace/FreeRTOS_ProjectW/Third-Party/FreeRTOS" -I"D:/L_Workspace/RTOS_workspace/FreeRTOS_ProjectW/Third-Party/FreeRTOS/include" -I"D:/L_Workspace/RTOS_workspace/FreeRTOS_ProjectW/Third-Party/FreeRTOS/portable/GCC/ARM_CM4F" -I../Drivers/STM32F4xx_HAL_Driver/Inc -I../Drivers/STM32F4xx_HAL_Driver/Inc/Legacy -I../Drivers/CMSIS/Device/ST/STM32F4xx/Include -I../Drivers/CMSIS/Include -O0 -ffunction-sections -fdata-sections -Wall -fstack-usage -MMD -MP -MF"Third-Party/FreeRTOS/event_groups.d" -MT"Third-Party/FreeRTOS/event_groups.o" --specs=nano.specs -mfpu=fpv4-sp-d16 -mfloat-abi=hard -mthumb -o "Third-Party/FreeRTOS/event_groups.o"
arm-none-eabi-gcc "../Third-Party/FreeRTOS/list.c" -mcpu=cortex-m4 -std=gnu11 -g3 -DDEBUG -DUSE_HAL_DRIVER -DSTM32F446xx -c -I../Core/Inc -I"D:/L_Workspace/RTOS_workspace/FreeRTOS_ProjectW/Third-Party/FreeRTOS" -I"D:/L_Workspace/RTOS_workspace/FreeRTOS_ProjectW/Third-Party/FreeRTOS/include" -I"D:/L_Workspace/RTOS_workspace/FreeRTOS_ProjectW/Third-Party/FreeRTOS/portable/GCC/ARM_CM4F" -I../Drivers/STM32F4xx_HAL_Driver/Inc -I../Drivers/STM32F4xx_HAL_Driver/Inc/Legacy -I../Drivers/CMSIS/Device/ST/STM32F4xx/Include -I../Drivers/CMSIS/Include -O0 -ffunction-sections -fdata-sections -Wall -fstack-usage -MMD -MP -MF"Third-Party/FreeRTOS/list.d" -MT"Third-Party/FreeRTOS/list.o" --specs=nano.specs -mfpu=fpv4-sp-d16 -mfloat-abi=hard -mthumb -o "Third-Party/FreeRTOS/list.o"
arm-none-eabi-gcc "../Third-Party/FreeRTOS/queue.c" -mcpu=cortex-m4 -std=gnu11 -g3 -DDEBUG -DUSE_HAL_DRIVER -DSTM32F446xx -c -I../Core/Inc -I"D:/L_Workspace/RTOS_workspace/FreeRTOS_ProjectW/Third-Party/FreeRTOS" -I"D:/L_Workspace/RTOS_workspace/FreeRTOS_ProjectW/Third-Party/FreeRTOS/include" -I"D:/L_Workspace/RTOS_workspace/FreeRTOS_ProjectW/Third-Party/FreeRTOS/portable/GCC/ARM_CM4F" -I../Drivers/STM32F4xx_HAL_Driver/Inc -I../Drivers/STM32F4xx_HAL_Driver/Inc/Legacy -I../Drivers/CMSIS/Device/ST/STM32F4xx/Include -I../Drivers/CMSIS/Include -O0 -ffunction-sections -fdata-sections -Wall -fstack-usage -MMD -MP -MF"Third-Party/FreeRTOS/queue.d" -MT"Third-Party/FreeRTOS/queue.o" --specs=nano.specs -mfpu=fpv4-sp-d16 -mfloat-abi=hard -mthumb -o "Third-Party/FreeRTOS/queue.o"
arm-none-eabi-gcc "../Third-Party/FreeRTOS/stream_buffer.c" -mcpu=cortex-m4 -std=gnu11 -g3 -DDEBUG -DUSE_HAL_DRIVER -DSTM32F446xx -c -I../Core/Inc -I"D:/L_Workspace/RTOS_workspace/FreeRTOS_ProjectW/Third-Party/FreeRTOS" -I"D:/L_Workspace/RTOS_workspace/FreeRTOS_ProjectW/Third-Party/FreeRTOS/include" -I"D:/L_Workspace/RTOS_workspace/FreeRTOS_ProjectW/Third-Party/FreeRTOS/portable/GCC/ARM_CM4F" -I../Drivers/STM32F4xx_HAL_Driver/Inc -I../Drivers/STM32F4xx_HAL_Driver/Inc/Legacy -I../Drivers/CMSIS/Device/ST/STM32F4xx/Include -I../Drivers/CMSIS/Include -O0 -ffunction-sections -fdata-sections -Wall -fstack-usage -MMD -MP -MF"Third-Party/FreeRTOS/stream_buffer.d" -MT"Third-Party/FreeRTOS/stream_buffer.o" --specs=nano.specs -mfpu=fpv4-sp-d16 -mfloat-abi=hard -mthumb -o "Third-Party/FreeRTOS/stream_buffer.o"
arm-none-eabi-gcc "../Third-Party/FreeRTOS/tasks.c" -mcpu=cortex-m4 -std=gnu11 -g3 -DDEBUG -DUSE_HAL_DRIVER -DSTM32F446xx -c -I../Core/Inc -I"D:/L_Workspace/RTOS_workspace/FreeRTOS_ProjectW/Third-Party/FreeRTOS" -I"D:/L_Workspace/RTOS_workspace/FreeRTOS_ProjectW/Third-Party/FreeRTOS/include" -I"D:/L_Workspace/RTOS_workspace/FreeRTOS_ProjectW/Third-Party/FreeRTOS/portable/GCC/ARM_CM4F" -I../Drivers/STM32F4xx_HAL_Driver/Inc -I../Drivers/STM32F4xx_HAL_Driver/Inc/Legacy -I../Drivers/CMSIS/Device/ST/STM32F4xx/Include -I../Drivers/CMSIS/Include -O0 -ffunction-sections -fdata-sections -Wall -fstack-usage -MMD -MP -MF"Third-Party/FreeRTOS/tasks.d" -MT"Third-Party/FreeRTOS/tasks.o" --specs=nano.specs -mfpu=fpv4-sp-d16 -mfloat-abi=hard -mthumb -o "Third-Party/FreeRTOS/tasks.o"
arm-none-eabi-gcc "../Third-Party/FreeRTOS/timers.c" -mcpu=cortex-m4 -std=gnu11 -g3 -DDEBUG -DUSE_HAL_DRIVER -DSTM32F446xx -c -I../Core/Inc -I"D:/L_Workspace/RTOS_workspace/FreeRTOS_ProjectW/Third-Party/FreeRTOS" -I"D:/L_Workspace/RTOS_workspace/FreeRTOS_ProjectW/Third-Party/FreeRTOS/include" -I"D:/L_Workspace/RTOS_workspace/FreeRTOS_ProjectW/Third-Party/FreeRTOS/portable/GCC/ARM_CM4F" -I../Drivers/STM32F4xx_HAL_Driver/Inc -I../Drivers/STM32F4xx_HAL_Driver/Inc/Legacy -I../Drivers/CMSIS/Device/ST/STM32F4xx/Include -I../Drivers/CMSIS/Include -O0 -ffunction-sections -fdata-sections -Wall -fstack-usage -MMD -MP -MF"Third-Party/FreeRTOS/timers.d" -MT"Third-Party/FreeRTOS/timers.o" --specs=nano.specs -mfpu=fpv4-sp-d16 -mfloat-abi=hard -mthumb -o "Third-Party/FreeRTOS/timers.o"
arm-none-eabi-gcc -o "FreeRTOS_ProjectW.elf" @"objects.list"   -mcpu=cortex-m4 -T"D:\L_Workspace\RTOS_workspace\FreeRTOS_ProjectW\STM32F446RETX_FLASH.ld" --specs=nosys.specs -Wl,-Map="FreeRTOS_ProjectW.map" -Wl,--gc-sections -static --specs=nano.specs -mfpu=fpv4-sp-d16 -mfloat-abi=hard -mthumb -Wl,--start-group -lc -lm -Wl,--end-group
Finished building target: FreeRTOS_ProjectW.elf
 
arm-none-eabi-size   FreeRTOS_ProjectW.elf 
arm-none-eabi-objdump -h -S  FreeRTOS_ProjectW.elf  > "FreeRTOS_ProjectW.list"
   text	   data	    bss	    dec	    hex	filename
   7592	     20	   1708	   9320	   2468	FreeRTOS_ProjectW.elf
Finished building: default.size.stdout
 
Finished building: FreeRTOS_ProjectW.list
 

20:26:43 Build Finished. 0 errors, 0 warnings. (took 2s.783ms)

